
R1>enable
Password: 
R1#term len 0
R1#sh ver
Cisco IOS Software, 3700 Software (C3725-ADVENTERPRISEK9-M), Version 12.4(25d), RELEASE SOFTWARE (fc1)
Technical Support: http://www.cisco.com/techsupport
Copyright (c) 1986-2010 by Cisco Systems, Inc.
Compiled Wed 18-Aug-10 07:55 by prod_rel_team

ROM: ROMMON Emulation Microcode
ROM: 3700 Software (C3725-ADVENTERPRISEK9-M), Version 12.4(25d), RELEASE SOFTWARE (fc1)

R1 uptime is 36 minutes
System returned to ROM by unknown reload cause - suspect boot_data[BOOT_COUNT] 0x0, BOOT_COUNT 0, BOOTDATA 19
System image file is "tftp://255.255.255.255/unknown"


This product contains cryptographic features and is subject to United
States and local country laws governing import, export, transfer and
use. Delivery of Cisco cryptographic products does not imply
third-party authority to import, export, distribute or use encryption.
Importers, exporters, distributors and users are responsible for
compliance with U.S. and local country laws. By using this product you
agree to comply with applicable laws and regulations. If you are unable
to comply with U.S. and local laws, return this product immediately.

A summary of U.S. laws governing Cisco cryptographic products may be found at:
http://www.cisco.com/wwl/export/crypto/tool/stqrg.html

If you require further assistance please contact us by sending email to
export@cisco.com.

Cisco 3725 (R7000) processor (revision 0.1) with 124928K/6144K bytes of memory.
Processor board ID FTX0945W0MY
R7000 CPU at 240MHz, Implementation 39, Rev 2.1, 256KB L2, 512KB L3 Cache
2 FastEthernet interfaces
DRAM configuration is 64 bits wide with parity enabled.
55K bytes of NVRAM.

Configuration register is 0x2102

R1#
R1#
R1#exit

KURO>enable
Password: 
KURO#term len 0
KURO#hostname R-KURO
      ^
% Invalid input detected at '^' marker.

KURO#ip domain-name iutbeziers.fr
      ^
% Invalid input detected at '^' marker.

KURO#crypto key generate rsa general-keys modulus 2048
                ^
% Invalid input detected at '^' marker.

KURO#aaa new-model
      ^
% Invalid input detected at '^' marker.

KURO#username admin secret cisco
      ^
% Invalid input detected at '^' marker.

KURO#aaa authentication enable default line
      ^
% Invalid input detected at '^' marker.

KURO#end
Translating "end"

Translating "end"
% Unknown command or computer name, or unable to find computer address
KURO#wr mem
Building configuration...
[OK]
KURO#
KURO#
KURO#exit

R1>enable
Password: 
R1#term len 0
R1#conf t
Enter configuration commands, one per line.  End with CNTL/Z.
R1(config)#hostname R-KURO
R-KURO(config)#ip domain-name iutbeziers.fr
R-KURO(config)#crypto key generate rsa general-keys modulus 2048
% You already have RSA keys defined named R-KURO.iutbeziers.fr.
% They will be replaced.

% The key modulus size is 2048 bits
% Generating 2048 bit RSA keys, keys will be non-exportable...[OK]

R-KURO(config)#aaa new-model
R-KURO(config)#username admin secret cisco
R-KURO(config)#aaa authentication enable default line
R-KURO(config)#end
R-KURO#wr mem
Building configuration...
[OK]
R-KURO#
R-KURO#
R-KURO#exit

R1>enable
Password: 
R1#term len 0
R1#sh ver
Cisco IOS Software, 3700 Software (C3725-ADVENTERPRISEK9-M), Version 12.4(25d), RELEASE SOFTWARE (fc1)
Technical Support: http://www.cisco.com/techsupport
Copyright (c) 1986-2010 by Cisco Systems, Inc.
Compiled Wed 18-Aug-10 07:55 by prod_rel_team

ROM: ROMMON Emulation Microcode
ROM: 3700 Software (C3725-ADVENTERPRISEK9-M), Version 12.4(25d), RELEASE SOFTWARE (fc1)

R1 uptime is 4 minutes
System returned to ROM by unknown reload cause - suspect boot_data[BOOT_COUNT] 0x0, BOOT_COUNT 0, BOOTDATA 19
System image file is "tftp://255.255.255.255/unknown"


This product contains cryptographic features and is subject to United
States and local country laws governing import, export, transfer and
use. Delivery of Cisco cryptographic products does not imply
third-party authority to import, export, distribute or use encryption.
Importers, exporters, distributors and users are responsible for
compliance with U.S. and local country laws. By using this product you
agree to comply with applicable laws and regulations. If you are unable
to comply with U.S. and local laws, return this product immediately.

A summary of U.S. laws governing Cisco cryptographic products may be found at:
http://www.cisco.com/wwl/export/crypto/tool/stqrg.html

If you require further assistance please contact us by sending email to
export@cisco.com.

Cisco 3725 (R7000) processor (revision 0.1) with 124928K/6144K bytes of memory.
Processor board ID FTX0945W0MY
R7000 CPU at 240MHz, Implementation 39, Rev 2.1, 256KB L2, 512KB L3 Cache
2 FastEthernet interfaces
DRAM configuration is 64 bits wide with parity enabled.
55K bytes of NVRAM.

Configuration register is 0x2102

R1#
R1#
R1#exit

R1>enable
Password: 
R1#term len 0
R1#conf t
Enter configuration commands, one per line.  End with CNTL/Z.
R1(config)#hostname R-KURO
R-KURO(config)#ip domain-name mesnil.fr
R-KURO(config)#crypto key generate rsa general-keys modulus 2048
The name for the keys will be: R-KURO.mesnil.fr

% The key modulus size is 2048 bits
% Generating 2048 bit RSA keys, keys will be non-exportable...[OK]

R-KURO(config)#aaa new-model
R-KURO(config)#username kuro secret rootroot
R-KURO(config)#aaa authentication enable default line
R-KURO(config)#end
R-KURO#wr mem
Building configuration...
[OK]
R-KURO#
R-KURO#
R-KURO#exit
